I'm sorry, but errors were detected in your script. Please correct the
errors listed below, and try again.


File "game/script.rpy", line 20: show statement expects a non-empty block.
    show jaime normal at right with dissolve:
                                             ^

Ren'Py Version: Ren'Py 8.2.1.24030407
Tue Apr  2 19:58:59 2024
